// Jest Snapshot v1, https://goo.gl/fbAQLP

exports[`<AddressList /> Should render and match the snapshot 1`] = `
<StyledAddressList__StyledList
  component={
    Object {
      "$$typeof": Symbol(react.memo),
      "WrappedComponent": Object {
        "$$typeof": Symbol(react.memo),
        "compare": null,
        "type": [Function],
      },
      "compare": null,
      "displayName": "Connect(Component)",
      "type": [Function],
    }
  }
/>
`;

exports[`<AddressList /> should render the loading indicator when its loading 1`] = `
<List
  component={[Function]}
/>
`;
